// Jest Snapshot v1, https://goo.gl/fbAQLP

exports[`renders correctly the popup content 1`] = `
<img
  alt="GDPR highlighter logo"
  class="badge"
  id="badgeImage"
  src="/icons/badge-white.png"
/>
`;
